2014-01-09T06:16:53.947098+00:00 heroku[router]: at=info method=POST path=/api/users/1006997927 host=services.pocketplaylab.com fwd="66.87.132.5" dyno=web.12 connect=2ms service=87ms status=200 bytes=52
2014-01-09T06:16:53.912876+00:00 heroku[router]: at=info method=POST path=/api/users/1197565098 host=services.pocketplaylab.com fwd="81.156.71.199" dyno=web.12 connect=3ms service=30ms status=200 bytes=52
2014-01-09T06:16:54.062350+00:00 heroku[router]: at=info method=POST path=/api/users/100001305068516 host=services.pocketplaylab.com fwd="98.111.230.110" dyno=web.12 connect=1ms service=18ms status=200 bytes=1673
2014-01-09T06:16:54.098681+00:00 heroku[router]: at=info method=POST path=/api/users/100004638071042 host=services.pocketplaylab.com fwd="172.56.26.221" dyno=web.4 connect=3ms service=62ms status=200 bytes=52
2014-01-09T06:14:50.209072+00:00 heroku[router]: at=info method=POST path=/api/users/100007298342986 host=services.pocketplaylab.com fwd="121.7.81.122" dyno=web.6 connect=3ms service=36ms status=200 bytes=3475
2014-01-09T06:16:54.092159+00:00 heroku[router]: at=info method=POST path=/api/users/1397080869 host=services.pocketplaylab.com fwd="96.28.224.209" dyno=web.4 connect=2ms service=57ms status=200 bytes=52
2014-01-09T06:16:54.103789+00:00 heroku[router]: at=info method=GET path=/api/users/100005870046540/get_friends_score host=services.pocketplaylab.com fwd="151.18.153.233" dyno=web.11 connect=1ms service=88ms status=200 bytes=16187
2014-01-09T06:16:53.768188+00:00 heroku[router]: at=info method=GET path=/api/users/100005936523817/get_friends_score host=services.pocketplaylab.com fwd="5.13.87.91" dyno=web.13 connect=2ms service=46ms status=200 bytes=9355
2014-01-09T06:15:36.691248+00:00 heroku[router]: at=info method=GET path=/api/users/100000246523308/get_friends_score host=services.pocketplaylab.com fwd="99.189.109.54" dyno=web.11 connect=1ms service=195ms status=200 bytes=23034
2014-01-09T06:16:54.027335+00:00 heroku[router]: at=info method=GET path=/api/users/1770684197/get_friends_score host=services.pocketplaylab.com fwd="74.139.217.81" dyno=web.7 connect=1ms service=106ms status=200 bytes=27398
2014-01-09T06:16:53.927863+00:00 heroku[router]: at=info method=GET path=/api/users/100000407228250/get_friends_score host=services.pocketplaylab.com fwd="68.127.92.131" dyno=web.10 connect=2ms service=238ms status=200 bytes=20601
2014-01-09T06:15:35.805491+00:00 heroku[router]: at=info method=GET path=/api/users/612602138/get_friends_score host=services.pocketplaylab.com fwd="121.7.211.216" dyno=web.13 connect=1ms service=543ms status=200 bytes=228119
2014-01-09T06:16:54.144338+00:00 heroku[router]: at=info method=GET path=/api/users/1171605746/get_friends_progress host=services.pocketplaylab.com fwd="68.113.121.164" dyno=web.1 connect=0ms service=34ms status=200 bytes=7601
2014-01-09T06:16:53.765430+00:00 heroku[router]: at=info method=GET path=/api/users/100005936523817/get_friends_progress host=services.pocketplaylab.com fwd="5.13.87.91" dyno=web.11 connect=1ms service=47ms status=200 bytes=7498
2014-01-09T06:16:54.107532+00:00 heroku[router]: at=info method=GET path=/api/users/1770684197/get_friends_progress host=services.pocketplaylab.com fwd="74.139.217.81" dyno=web.9 connect=2ms service=193ms status=200 bytes=7554
2014-01-09T06:16:13.319940+00:00 heroku[router]: at=info method=GET path=/api/users/100000161521096/get_friends_progress host=services.pocketplaylab.com fwd="166.137.180.56" dyno=web.6 connect=8ms service=39ms status=200 bytes=7595
2014-01-09T06:16:53.953691+00:00 heroku[router]: at=info method=GET path=/api/users/1535761010/get_friends_progress host=services.pocketplaylab.com fwd="108.193.145.66" dyno=web.1 connect=1ms service=108ms status=200 bytes=7510
2014-01-09T06:15:15.893505+00:00 heroku[router]: at=info method=GET path=/api/users/1686318645/get_friends_progress host=services.pocketplaylab.com fwd="1.125.42.139" dyno=web.3 connect=8ms service=90ms status=200 bytes=7534
2014-01-09T06:16:53.742892+00:00 heroku[router]: at=info method=GET path=/api/users/100002266342173/count_pending_messages host=services.pocketplaylab.com fwd="94.66.255.106" dyno=web.8 connect=9ms service=9ms status=304 bytes=0
2014-01-09T06:16:54.135766+00:00 heroku[router]: at=info method=GET path=/api/users/100000468533518/count_pending_messages host=services.pocketplaylab.com fwd="60.50.120.137" dyno=web.14 connect=1ms service=10ms status=200 bytes=33
2014-01-09T06:16:54.133113+00:00 heroku[router]: at=info method=GET path=/api/users/719694306/count_pending_messages host=services.pocketplaylab.com fwd="118.100.75.249" dyno=web.4 connect=4ms service=16ms status=304 bytes=0
2014-01-09T06:15:15.690423+00:00 heroku[router]: at=info method=GET path=/api/users/100003716770055/count_pending_messages host=services.pocketplaylab.com fwd="65.34.226.175" dyno=web.8 connect=1ms service=9ms status=200 bytes=33
2014-01-09T06:16:54.098246+00:00 heroku[router]: at=info method=GET path=/api/users/100000032342510/count_pending_messages host=services.pocketplaylab.com fwd="166.205.51.162" dyno=web.4 connect=2ms service=20ms status=304 bytes=0
2014-01-09T06:16:54.106223+00:00 heroku[router]: at=info method=GET path=/api/users/100001198757745/count_pending_messages host=services.pocketplaylab.com fwd="68.127.115.38" dyno=web.10 connect=3ms service=24ms status=200 bytes=33
2014-01-09T06:16:54.131902+00:00 heroku[router]: at=info method=GET path=/api/users/100002258419831/count_pending_messages host=services.pocketplaylab.com fwd="184.53.33.214" dyno=web.5 connect=2ms service=21ms status=304 bytes=0
2014-01-09T06:16:57.563091+00:00 heroku[router]: at=info method=GET path=/api/users/100005620663030/get_messages host=services.pocketplaylab.com fwd="82.83.184.238" dyno=web.1 connect=1ms service=17ms status=200 bytes=15
2014-01-09T06:16:57.569523+00:00 heroku[router]: at=info method=GET path=/api/users/100006474632978/get_messages host=services.pocketplaylab.com fwd="172.56.38.18" dyno=web.1 connect=2ms service=24ms status=200 bytes=15
2014-01-09T06:16:56.245537+00:00 heroku[router]: at=info method=GET path=/api/users/100000426959370/get_messages host=services.pocketplaylab.com fwd="101.51.10.202" dyno=web.11 connect=4ms service=19ms status=200 bytes=15
2014-01-09T06:16:58.309178+00:00 heroku[router]: at=info method=GET path=/api/users/1572324886/get_messages host=services.pocketplaylab.com fwd="66.87.81.189" dyno=web.8 connect=1ms service=25ms status=200 bytes=309
2014-01-09T06:16:53.846402+00:00 heroku[router]: at=info method=POST path=/api/online/platforms/facebook_canvas/users/100004180300480/add_ticket host=services.pocketplaylab.com fwd="74.77.234.203" dyno=web.2 connect=1ms service=66ms status=200 bytes=78
2014-01-09T06:16:53.766841+00:00 heroku[router]: at=info method=POST path=/logs/save_personal_data host=services.pocketplaylab.com fwd="5.13.87.91" dyno=web.10 connect=1ms service=42ms status=200 bytes=16
2014-01-09T06:16:53.820106+00:00 heroku[router]: at=info method=POST path=/version_api/files host=services.pocketplaylab.com fwd="66.87.90.127" dyno=web.10 connect=1ms service=83ms status=200 bytes=69
2014-01-09T06:16:53.979274+00:00 heroku[router]: at=info method=GET path=/crossdomain.xml host=services.pocketplaylab.com fwd="202.142.138.167" dyno=web.13 connect=0ms service=4ms status=200 bytes=102
2014-01-09T06:16:53.968841+00:00 heroku[router]: at=info method=POST path=/api/users/100002137485849/fb_request_messages host=services.pocketplaylab.com fwd="37.236.225.159" dyno=web.1 connect=1ms service=20ms status=200 bytes=16
